{
  "name": "golden",
  "version": "0.0.1",
  "author": "disruptek",
  "desc": "a nim benchmark",
  "license": "MIT",
  "skipDirs": [],
  "skipFiles": [],
  "skipExt": [],
  "installDirs": [],
  "installFiles": [],
  "installExt": [],
  "requires": [
    {
      "name": "nim",
      "str": ">= 0.20.0",
      "ver": {
        "kind": "verEqLater",
        "ver": "0.20.0"
      }
    },
    {
      "name": "cligen",
      "str": ">= 0.9.38",
      "ver": {
        "kind": "verEqLater",
        "ver": "0.9.38"
      }
    }
  ],
  "bin": [],
  "binDir": "",
  "srcDir": "",
  "backend": "c",
  "ref": "refs/tags/0.0.1"
}