{
  "name": "golden",
  "version": "3.0.4",
  "author": "disruptek",
  "desc": "a benchmark tool",
  "license": "MIT",
  "skipDirs": [],
  "skipFiles": [],
  "skipExt": [
    "nim"
  ],
  "installDirs": [],
  "installFiles": [],
  "installExt": [],
  "requires": [
    {
      "name": "nim",
      "str": ">= 0.20.0",
      "ver": {
        "kind": "verEqLater",
        "ver": "0.20.0"
      }
    },
    {
      "name": "foreach",
      "str": ">= 1.0.2",
      "ver": {
        "kind": "verEqLater",
        "ver": "1.0.2"
      }
    },
    {
      "name": "bump",
      "str": ">= 1.8.3",
      "ver": {
        "kind": "verEqLater",
        "ver": "1.8.3"
      }
    },
    {
      "name": "nimetry",
      "str": "#1db37f9508bfbd9ee2bde2e1485c5d0026fea5b4",
      "ver": {
        "kind": "verSpecial",
        "spe": "#1db37f9508bfbd9ee2bde2e1485c5d0026fea5b4"
      }
    },
    {
      "name": "msgpack4nim",
      "str": "0.2.9",
      "ver": {
        "kind": "verEq",
        "ver": "0.2.9"
      }
    },
    {
      "name": "https://github.com/disruptek/nim-terminaltables",
      "str": "#59ea26e64db5680e3a6c20329e32c0e297343e1a",
      "ver": {
        "kind": "verSpecial",
        "spe": "#59ea26e64db5680e3a6c20329e32c0e297343e1a"
      }
    },
    {
      "name": "nimgit2",
      "str": "0.1.0",
      "ver": {
        "kind": "verEq",
        "ver": "0.1.0"
      }
    },
    {
      "name": "lmdb",
      "str": "0.1.2",
      "ver": {
        "kind": "verEq",
        "ver": "0.1.2"
      }
    },
    {
      "name": "cligen",
      "str": ">= 0.9.40",
      "ver": {
        "kind": "verEqLater",
        "ver": "0.9.40"
      }
    }
  ],
  "bin": [
    "golden"
  ],
  "binDir": "",
  "srcDir": "src",
  "backend": "c",
  "ref": "refs/tags/3.0.4"
}