{
  "name": "golden",
  "version": "1.1.2",
  "author": "disruptek",
  "desc": "a nim benchmark",
  "license": "MIT",
  "skipDirs": [],
  "skipFiles": [],
  "skipExt": [
    "nim"
  ],
  "installDirs": [],
  "installFiles": [],
  "installExt": [],
  "requires": [
    {
      "name": "nim",
      "str": ">= 0.20.0",
      "ver": {
        "kind": "verEqLater",
        "ver": "0.20.0"
      }
    },
    {
      "name": "cligen",
      "str": ">= 0.9.38",
      "ver": {
        "kind": "verEqLater",
        "ver": "0.9.38"
      }
    },
    {
      "name": "foreach",
      "str": ">= 1.0.2",
      "ver": {
        "kind": "verEqLater",
        "ver": "1.0.2"
      }
    },
    {
      "name": "http://github.com/genotrance/nimgit2.git",
      "str": ">= 0.1.0",
      "ver": {
        "kind": "verEqLater",
        "ver": "0.1.0"
      }
    }
  ],
  "bin": [
    "golden"
  ],
  "binDir": "",
  "srcDir": "src",
  "backend": "c",
  "ref": "refs/tags/1.1.2"
}