{
  "name": "golden",
  "version": "2.3.1",
  "author": "disruptek",
  "desc": "a benchmark tool",
  "license": "MIT",
  "skipDirs": [],
  "skipFiles": [],
  "skipExt": [
    "nim"
  ],
  "installDirs": [],
  "installFiles": [],
  "installExt": [],
  "requires": [
    {
      "name": "nim",
      "str": ">= 0.20.0",
      "ver": {
        "kind": "verEqLater",
        "ver": "0.20.0"
      }
    },
    {
      "name": "cligen",
      "str": ">= 0.9.38",
      "ver": {
        "kind": "verEqLater",
        "ver": "0.9.38"
      }
    },
    {
      "name": "foreach",
      "str": ">= 1.0.2",
      "ver": {
        "kind": "verEqLater",
        "ver": "1.0.2"
      }
    },
    {
      "name": "nimetry",
      "str": "0.1.2",
      "ver": {
        "kind": "verEq",
        "ver": "0.1.2"
      }
    },
    {
      "name": "msgpack4nim",
      "str": "0.2.9",
      "ver": {
        "kind": "verEq",
        "ver": "0.2.9"
      }
    },
    {
      "name": "lmdb",
      "str": "0.1.1",
      "ver": {
        "kind": "verEq",
        "ver": "0.1.1"
      }
    },
    {
      "name": "terminaltables",
      "str": "any version",
      "ver": {
        "kind": "verAny"
      }
    },
    {
      "name": "http://github.com/genotrance/nimgit2.git",
      "str": "any version",
      "ver": {
        "kind": "verAny"
      }
    }
  ],
  "bin": [
    "golden"
  ],
  "binDir": "",
  "srcDir": "src",
  "backend": "c",
  "ref": "refs/tags/2.3.1"
}