{
  "name": "golden",
  "version": "3.0.13",
  "author": "disruptek",
  "desc": "a benchmark tool",
  "license": "MIT",
  "skipDirs": [],
  "skipFiles": [],
  "skipExt": [
    "nim"
  ],
  "installDirs": [],
  "installFiles": [],
  "installExt": [],
  "requires": [
    {
      "name": "nim",
      "str": ">= 1.0.4",
      "ver": {
        "kind": "verEqLater",
        "ver": "1.0.4"
      }
    },
    {
      "name": "foreach",
      "str": ">= 1.0.2",
      "ver": {
        "kind": "verEqLater",
        "ver": "1.0.2"
      }
    },
    {
      "name": "bump",
      "str": ">= 1.8.15",
      "ver": {
        "kind": "verEqLater",
        "ver": "1.8.15"
      }
    },
    {
      "name": "msgpack4nim",
      "str": "0.2.9",
      "ver": {
        "kind": "verEq",
        "ver": "0.2.9"
      }
    },
    {
      "name": "terminaltables",
      "str": "#82ee5890c13e381de0f11c8ba6fe484d7c0c2f19",
      "ver": {
        "kind": "verSpecial",
        "spe": "#82ee5890c13e381de0f11c8ba6fe484d7c0c2f19"
      }
    },
    {
      "name": "https://github.com/disruptek/gittyup",
      "str": ">= 2.1.13",
      "ver": {
        "kind": "verEqLater",
        "ver": "2.1.13"
      }
    },
    {
      "name": "cligen",
      "str": ">= 0.9.40",
      "ver": {
        "kind": "verEqLater",
        "ver": "0.9.40"
      }
    }
  ],
  "bin": [
    "golden"
  ],
  "binDir": "",
  "srcDir": "src",
  "backend": "c",
  "ref": "refs/tags/3.0.13"
}